
> civifix-frontend@1.0.0 build
> vite build

[36mvite v5.4.21 [32mbuilding for production...[36m[39m
transforming...
[32mΓ£ô[39m 96 modules transformed.
rendering chunks...
computing gzip size...
[2mdist/[22m[32mmanifest.webmanifest                        [39m[1m[2m  0.49 kB[22m[1m[22m
[2mdist/[22m[32mindex.html                                  [39m[1m[2m  1.92 kB[22m[1m[22m[2m Γöé gzip:  0.83 kB[22m
[2mdist/[22m[35massets/index-DBXObctM.css                   [39m[1m[2m 16.82 kB[22m[1m[22m[2m Γöé gzip:  3.84 kB[22m
[2mdist/[22m[36massets/workbox-window.prod.es5-vqzQaGvo.js  [39m[1m[2m  5.72 kB[22m[1m[22m[2m Γöé gzip:  2.35 kB[22m
[2mdist/[22m[36massets/leaflet-src-U5yliVel.js              [39m[1m[2m149.98 kB[22m[1m[22m[2m Γöé gzip: 43.55 kB[22m
[2mdist/[22m[36massets/index-pY_gUZ59.js                    [39m[1m[2m326.47 kB[22m[1m[22m[2m Γöé gzip: 99.37 kB[22m
[32mΓ£ô built in 4.86s[39m
node.exe : [31merror during 
build:
At line:1 char:1
+ & "C:\Program 
Files\nodejs/node.exe" 
"C:\Program 
Files\nodejs/node_mo ...
+ ~~~~~~~~~~~~~~~~~~~~~~~~~~~
~~~~~~~~~~~~~~~~~~~~~~~~~~~~~
~~~~~~~~~~~~~
    + CategoryInfo           
   : NotSpecified: ([31mer  
  ror during build::String   
 ) [], RemoteException
    + FullyQualifiedErrorId  
   : NativeCommandError
 
Error: Dynamic require of 
"workbox-build" is not 
supported
    at file:///C:/Users/Ntare
%20Kevin/OneDrive/Desktop/CIV
IFIX/frontend/node_modules/vi
te-plugin-pwa/dist/index.js:6
:9
    at loadWorkboxBuild (file
:///C:/Users/Ntare%20Kevin/On
eDrive/Desktop/CIVIFIX/fronte
nd/node_modules/vite-plugin-p
wa/dist/index.js:271:12)
    at process.processTicksAn
dRejections (node:internal/pr
ocess/task_queues:103:5)
    at async 
generateServiceWorker (file:/
//C:/Users/Ntare%20Kevin/OneD
rive/Desktop/CIVIFIX/frontend
/node_modules/vite-plugin-pwa
/dist/index.js:316:26)
    at async _generateSW (fil
e:///C:/Users/Ntare%20Kevin/O
neDrive/Desktop/CIVIFIX/front
end/node_modules/vite-plugin-
pwa/dist/index.js:487:5)
    at async Object.handler (
file:///C:/Users/Ntare%20Kevi
n/OneDrive/Desktop/CIVIFIX/fr
ontend/node_modules/vite-plug
in-pwa/dist/index.js:627:11)
    at async 
PluginDriver.hookParallel (fi
le:///C:/Users/Ntare%20Kevin/
OneDrive/Desktop/CIVIFIX/fron
tend/node_modules/rollup/dist
/es/shared/node-entry.js:2247
5:17)
    at async Object.close (fi
le:///C:/Users/Ntare%20Kevin/
OneDrive/Desktop/CIVIFIX/fron
tend/node_modules/rollup/dist
/es/shared/node-entry.js:2349
4:13)
    at async build (file:///C
:/Users/Ntare%20Kevin/OneDriv
e/Desktop/CIVIFIX/frontend/no
de_modules/vite/dist/node/chu
nks/dep-BK3b2jBa.js:65732:17)
    at async CAC.<anonymous> 
(file:///C:/Users/Ntare%20Kev
in/OneDrive/Desktop/CIVIFIX/f
rontend/node_modules/vite/dis
t/node/cli.js:829:5)[39m
